---
source: crates/ts/tests/baseline_migration.rs
expression: "diff(&old, &new)"
---
- symbol: FooProps
  qualified_name: components/Foo/Foo.d.ts.FooProps
  kind: Interface
  change_type: "Removed(Symbol { kind: Interface })"
  is_breaking: true
  description: "Exported interface `FooProps` was removed — migrate to `BarProps`.\n  Matching props (use on `BarProps` instead): children, className, onClick"
  before: "interface: FooProps"
  after: ~
  has_migration_target: true
- symbol: BarProps
  qualified_name: components/Bar/Bar.d.ts.BarProps
  kind: Interface
  change_type: "Added(Symbol { kind: Interface })"
  is_breaking: false
  description: "Exported interface `BarProps` was added"
  before: ~
  after: "interface: BarProps"
  has_migration_target: false
